// Jest Snapshot v1, https://goo.gl/fbAQLP

exports[`Module 0.11 1`] = `
"module \\"name\\"{
arg0 = \\"a\\"
arg1 = [
\\"b\\",
\\"c\\",
\\"d\\",
]
arg2 = 0
arg3 = [
1,
2,
3,
]
arg4 = true
arg5 = [
false,
true,
false,
]
arg6 = \\"\${type.name.attr}\\"
arg7 = [
\\"\${type.name.attr}\\",
\\"\${type.name.attr}\\",
\\"\${type.name.attr}\\",
]
arg8 = \\"\${type.name}\\"
arg9 = [
\\"\${type.name}\\",
\\"\${type.name}\\",
\\"\${type.name}\\",
]
arg10 = [
\\"e\\",
4,
true,
\\"\${type.name.attr}\\",
\\"\${type.name}\\",
]
arg11 {
arg0 = \\"a\\"
arg1 = [
\\"b\\",
\\"c\\",
\\"d\\",
]
arg2 = 0
arg3 = [
1,
2,
3,
]
arg4 = true
arg5 = [
false,
true,
false,
]
arg6 = \\"\${type.name.attr}\\"
arg7 = [
\\"\${type.name.attr}\\",
\\"\${type.name.attr}\\",
\\"\${type.name.attr}\\",
]
arg8 = \\"\${type.name}\\"
arg9 = [
\\"\${type.name}\\",
\\"\${type.name}\\",
\\"\${type.name}\\",
]
arg10 = [
\\"e\\",
4,
true,
\\"\${type.name.attr}\\",
\\"\${type.name}\\",
]
}
arg12 = {
arg0 = \\"a\\"
arg1 = [
\\"b\\",
\\"c\\",
\\"d\\",
]
arg2 = 0
arg3 = [
1,
2,
3,
]
arg4 = true
arg5 = [
false,
true,
false,
]
arg6 = \\"\${type.name.attr}\\"
arg7 = [
\\"\${type.name.attr}\\",
\\"\${type.name.attr}\\",
\\"\${type.name.attr}\\",
]
arg8 = \\"\${type.name}\\"
arg9 = [
\\"\${type.name}\\",
\\"\${type.name}\\",
\\"\${type.name}\\",
]
arg10 = [
\\"e\\",
4,
true,
\\"\${type.name.attr}\\",
\\"\${type.name}\\",
]
arg11 {
arg0 = \\"a\\"
arg1 = [
\\"b\\",
\\"c\\",
\\"d\\",
]
arg2 = 0
arg3 = [
1,
2,
3,
]
arg4 = true
arg5 = [
false,
true,
false,
]
arg6 = \\"\${type.name.attr}\\"
arg7 = [
\\"\${type.name.attr}\\",
\\"\${type.name.attr}\\",
\\"\${type.name.attr}\\",
]
arg8 = \\"\${type.name}\\"
arg9 = [
\\"\${type.name}\\",
\\"\${type.name}\\",
\\"\${type.name}\\",
]
arg10 = [
\\"e\\",
4,
true,
\\"\${type.name.attr}\\",
\\"\${type.name}\\",
]
}
arg12 {
arg0 = \\"a\\"
arg1 = [
\\"b\\",
\\"c\\",
\\"d\\",
]
arg2 = 0
arg3 = [
1,
2,
3,
]
arg4 = true
arg5 = [
false,
true,
false,
]
arg6 = \\"\${type.name.attr}\\"
arg7 = [
\\"\${type.name.attr}\\",
\\"\${type.name.attr}\\",
\\"\${type.name.attr}\\",
]
arg8 = \\"\${type.name}\\"
arg9 = [
\\"\${type.name}\\",
\\"\${type.name}\\",
\\"\${type.name}\\",
]
arg10 = [
\\"e\\",
4,
true,
\\"\${type.name.attr}\\",
\\"\${type.name}\\",
]
arg11 {
arg0 = \\"a\\"
arg1 = [
\\"b\\",
\\"c\\",
\\"d\\",
]
arg2 = 0
arg3 = [
1,
2,
3,
]
arg4 = true
arg5 = [
false,
true,
false,
]
arg6 = \\"\${type.name.attr}\\"
arg7 = [
\\"\${type.name.attr}\\",
\\"\${type.name.attr}\\",
\\"\${type.name.attr}\\",
]
arg8 = \\"\${type.name}\\"
arg9 = [
\\"\${type.name}\\",
\\"\${type.name}\\",
\\"\${type.name}\\",
]
arg10 = [
\\"e\\",
4,
true,
\\"\${type.name.attr}\\",
\\"\${type.name}\\",
]
}
}
arg12 {
arg0 = \\"a\\"
arg1 = [
\\"b\\",
\\"c\\",
\\"d\\",
]
arg2 = 0
arg3 = [
1,
2,
3,
]
arg4 = true
arg5 = [
false,
true,
false,
]
arg6 = \\"\${type.name.attr}\\"
arg7 = [
\\"\${type.name.attr}\\",
\\"\${type.name.attr}\\",
\\"\${type.name.attr}\\",
]
arg8 = \\"\${type.name}\\"
arg9 = [
\\"\${type.name}\\",
\\"\${type.name}\\",
\\"\${type.name}\\",
]
arg10 = [
\\"e\\",
4,
true,
\\"\${type.name.attr}\\",
\\"\${type.name}\\",
]
arg11 {
arg0 = \\"a\\"
arg1 = [
\\"b\\",
\\"c\\",
\\"d\\",
]
arg2 = 0
arg3 = [
1,
2,
3,
]
arg4 = true
arg5 = [
false,
true,
false,
]
arg6 = \\"\${type.name.attr}\\"
arg7 = [
\\"\${type.name.attr}\\",
\\"\${type.name.attr}\\",
\\"\${type.name.attr}\\",
]
arg8 = \\"\${type.name}\\"
arg9 = [
\\"\${type.name}\\",
\\"\${type.name}\\",
\\"\${type.name}\\",
]
arg10 = [
\\"e\\",
4,
true,
\\"\${type.name.attr}\\",
\\"\${type.name}\\",
]
}
}
arg12 {
arg0 = \\"a\\"
arg1 = [
\\"b\\",
\\"c\\",
\\"d\\",
]
arg2 = 0
arg3 = [
1,
2,
3,
]
arg4 = true
arg5 = [
false,
true,
false,
]
arg6 = \\"\${type.name.attr}\\"
arg7 = [
\\"\${type.name.attr}\\",
\\"\${type.name.attr}\\",
\\"\${type.name.attr}\\",
]
arg8 = \\"\${type.name}\\"
arg9 = [
\\"\${type.name}\\",
\\"\${type.name}\\",
\\"\${type.name}\\",
]
arg10 = [
\\"e\\",
4,
true,
\\"\${type.name.attr}\\",
\\"\${type.name}\\",
]
arg11 {
arg0 = \\"a\\"
arg1 = [
\\"b\\",
\\"c\\",
\\"d\\",
]
arg2 = 0
arg3 = [
1,
2,
3,
]
arg4 = true
arg5 = [
false,
true,
false,
]
arg6 = \\"\${type.name.attr}\\"
arg7 = [
\\"\${type.name.attr}\\",
\\"\${type.name.attr}\\",
\\"\${type.name.attr}\\",
]
arg8 = \\"\${type.name}\\"
arg9 = [
\\"\${type.name}\\",
\\"\${type.name}\\",
\\"\${type.name}\\",
]
arg10 = [
\\"e\\",
4,
true,
\\"\${type.name.attr}\\",
\\"\${type.name}\\",
]
}
}
}
}

"
`;

exports[`Module 0.11 2`] = `"module.name"`;

exports[`Module 0.11 3`] = `"module.name.attr"`;

exports[`Module 0.12 1`] = `
"module \\"name\\"{
arg0 = \\"a\\"
arg1 = [
\\"b\\",
\\"c\\",
\\"d\\",
]
arg2 = 0
arg3 = [
1,
2,
3,
]
arg4 = true
arg5 = [
false,
true,
false,
]
arg6 = type.name.attr
arg7 = [
type.name.attr,
type.name.attr,
type.name.attr,
]
arg8 = type.name
arg9 = [
type.name,
type.name,
type.name,
]
arg10 = [
\\"e\\",
4,
true,
type.name.attr,
type.name,
]
arg11 {
arg0 = \\"a\\"
arg1 = [
\\"b\\",
\\"c\\",
\\"d\\",
]
arg2 = 0
arg3 = [
1,
2,
3,
]
arg4 = true
arg5 = [
false,
true,
false,
]
arg6 = type.name.attr
arg7 = [
type.name.attr,
type.name.attr,
type.name.attr,
]
arg8 = type.name
arg9 = [
type.name,
type.name,
type.name,
]
arg10 = [
\\"e\\",
4,
true,
type.name.attr,
type.name,
]
}
arg12 = {
arg0 = \\"a\\"
arg1 = [
\\"b\\",
\\"c\\",
\\"d\\",
]
arg2 = 0
arg3 = [
1,
2,
3,
]
arg4 = true
arg5 = [
false,
true,
false,
]
arg6 = type.name.attr
arg7 = [
type.name.attr,
type.name.attr,
type.name.attr,
]
arg8 = type.name
arg9 = [
type.name,
type.name,
type.name,
]
arg10 = [
\\"e\\",
4,
true,
type.name.attr,
type.name,
]
arg11 {
arg0 = \\"a\\"
arg1 = [
\\"b\\",
\\"c\\",
\\"d\\",
]
arg2 = 0
arg3 = [
1,
2,
3,
]
arg4 = true
arg5 = [
false,
true,
false,
]
arg6 = type.name.attr
arg7 = [
type.name.attr,
type.name.attr,
type.name.attr,
]
arg8 = type.name
arg9 = [
type.name,
type.name,
type.name,
]
arg10 = [
\\"e\\",
4,
true,
type.name.attr,
type.name,
]
}
arg12 {
arg0 = \\"a\\"
arg1 = [
\\"b\\",
\\"c\\",
\\"d\\",
]
arg2 = 0
arg3 = [
1,
2,
3,
]
arg4 = true
arg5 = [
false,
true,
false,
]
arg6 = type.name.attr
arg7 = [
type.name.attr,
type.name.attr,
type.name.attr,
]
arg8 = type.name
arg9 = [
type.name,
type.name,
type.name,
]
arg10 = [
\\"e\\",
4,
true,
type.name.attr,
type.name,
]
arg11 {
arg0 = \\"a\\"
arg1 = [
\\"b\\",
\\"c\\",
\\"d\\",
]
arg2 = 0
arg3 = [
1,
2,
3,
]
arg4 = true
arg5 = [
false,
true,
false,
]
arg6 = type.name.attr
arg7 = [
type.name.attr,
type.name.attr,
type.name.attr,
]
arg8 = type.name
arg9 = [
type.name,
type.name,
type.name,
]
arg10 = [
\\"e\\",
4,
true,
type.name.attr,
type.name,
]
}
}
arg12 {
arg0 = \\"a\\"
arg1 = [
\\"b\\",
\\"c\\",
\\"d\\",
]
arg2 = 0
arg3 = [
1,
2,
3,
]
arg4 = true
arg5 = [
false,
true,
false,
]
arg6 = type.name.attr
arg7 = [
type.name.attr,
type.name.attr,
type.name.attr,
]
arg8 = type.name
arg9 = [
type.name,
type.name,
type.name,
]
arg10 = [
\\"e\\",
4,
true,
type.name.attr,
type.name,
]
arg11 {
arg0 = \\"a\\"
arg1 = [
\\"b\\",
\\"c\\",
\\"d\\",
]
arg2 = 0
arg3 = [
1,
2,
3,
]
arg4 = true
arg5 = [
false,
true,
false,
]
arg6 = type.name.attr
arg7 = [
type.name.attr,
type.name.attr,
type.name.attr,
]
arg8 = type.name
arg9 = [
type.name,
type.name,
type.name,
]
arg10 = [
\\"e\\",
4,
true,
type.name.attr,
type.name,
]
}
}
arg12 {
arg0 = \\"a\\"
arg1 = [
\\"b\\",
\\"c\\",
\\"d\\",
]
arg2 = 0
arg3 = [
1,
2,
3,
]
arg4 = true
arg5 = [
false,
true,
false,
]
arg6 = type.name.attr
arg7 = [
type.name.attr,
type.name.attr,
type.name.attr,
]
arg8 = type.name
arg9 = [
type.name,
type.name,
type.name,
]
arg10 = [
\\"e\\",
4,
true,
type.name.attr,
type.name,
]
arg11 {
arg0 = \\"a\\"
arg1 = [
\\"b\\",
\\"c\\",
\\"d\\",
]
arg2 = 0
arg3 = [
1,
2,
3,
]
arg4 = true
arg5 = [
false,
true,
false,
]
arg6 = type.name.attr
arg7 = [
type.name.attr,
type.name.attr,
type.name.attr,
]
arg8 = type.name
arg9 = [
type.name,
type.name,
type.name,
]
arg10 = [
\\"e\\",
4,
true,
type.name.attr,
type.name,
]
}
}
}
}

"
`;

exports[`Module 0.12 2`] = `"module.name"`;

exports[`Module 0.12 3`] = `"module.name.attr"`;
