// Jest Snapshot v1, https://goo.gl/fbAQLP

exports[`Resource 1`] = `
"resource \\"type\\" \\"name\\"{
arg0 = \\"a\\"
arg1 = [
\\"b\\",
\\"c\\",
\\"d\\"
]
arg2 = 0
arg3 = [
1,
2,
3
]
arg4 = true
arg5 = [
false,
true,
false
]
arg6 = \\"\${type.name.attr}\\"
arg7 = [
\\"\${type.name.attr}\\",
\\"\${type.name.attr}\\",
\\"\${type.name.attr}\\"
]
arg8 = \\"\${type.name}\\"
arg9 = [
\\"\${type.name}\\",
\\"\${type.name}\\",
\\"\${type.name}\\"
]
arg10 = [
\\"e\\",
4,
true,
\\"\${type.name.attr}\\",
\\"\${type.name}\\"
]
arg11 = \\"\${arg}\\"
arg12 = \\"\${type.name.attr}\\"
arg13 = as is
arg14 = <<EOT
heredoc
EOT
arg15 = \\"\${fn(1, 2, 3)}\\"
arg16 = \\"\${fn(type.name.attr, type.name.attr, type.name.attr)}\\"
arg100 {
arg0 = \\"a\\"
arg1 = [
\\"b\\",
\\"c\\",
\\"d\\"
]
arg2 = 0
arg3 = [
1,
2,
3
]
arg4 = true
arg5 = [
false,
true,
false
]
arg6 = \\"\${type.name.attr}\\"
arg7 = [
\\"\${type.name.attr}\\",
\\"\${type.name.attr}\\",
\\"\${type.name.attr}\\"
]
arg8 = \\"\${type.name}\\"
arg9 = [
\\"\${type.name}\\",
\\"\${type.name}\\",
\\"\${type.name}\\"
]
arg10 = [
\\"e\\",
4,
true,
\\"\${type.name.attr}\\",
\\"\${type.name}\\"
]
arg11 = \\"\${arg}\\"
arg12 = \\"\${type.name.attr}\\"
arg13 = as is
arg14 = <<EOT
heredoc
EOT
arg15 = \\"\${fn(1, 2, 3)}\\"
arg16 = \\"\${fn(type.name.attr, type.name.attr, type.name.attr)}\\"
}
arg101 {
arg0 = \\"a\\"
arg1 = [
\\"b\\",
\\"c\\",
\\"d\\"
]
arg2 = 0
arg3 = [
1,
2,
3
]
arg4 = true
arg5 = [
false,
true,
false
]
arg6 = \\"\${type.name.attr}\\"
arg7 = [
\\"\${type.name.attr}\\",
\\"\${type.name.attr}\\",
\\"\${type.name.attr}\\"
]
arg8 = \\"\${type.name}\\"
arg9 = [
\\"\${type.name}\\",
\\"\${type.name}\\",
\\"\${type.name}\\"
]
arg10 = [
\\"e\\",
4,
true,
\\"\${type.name.attr}\\",
\\"\${type.name}\\"
]
arg11 = \\"\${arg}\\"
arg12 = \\"\${type.name.attr}\\"
arg13 = as is
arg14 = <<EOT
heredoc
EOT
arg15 = \\"\${fn(1, 2, 3)}\\"
arg16 = \\"\${fn(type.name.attr, type.name.attr, type.name.attr)}\\"
arg100 {
arg0 = \\"a\\"
arg1 = [
\\"b\\",
\\"c\\",
\\"d\\"
]
arg2 = 0
arg3 = [
1,
2,
3
]
arg4 = true
arg5 = [
false,
true,
false
]
arg6 = \\"\${type.name.attr}\\"
arg7 = [
\\"\${type.name.attr}\\",
\\"\${type.name.attr}\\",
\\"\${type.name.attr}\\"
]
arg8 = \\"\${type.name}\\"
arg9 = [
\\"\${type.name}\\",
\\"\${type.name}\\",
\\"\${type.name}\\"
]
arg10 = [
\\"e\\",
4,
true,
\\"\${type.name.attr}\\",
\\"\${type.name}\\"
]
arg11 = \\"\${arg}\\"
arg12 = \\"\${type.name.attr}\\"
arg13 = as is
arg14 = <<EOT
heredoc
EOT
arg15 = \\"\${fn(1, 2, 3)}\\"
arg16 = \\"\${fn(type.name.attr, type.name.attr, type.name.attr)}\\"
}
}
arg101 {
arg0 = \\"a\\"
arg1 = [
\\"b\\",
\\"c\\",
\\"d\\"
]
arg2 = 0
arg3 = [
1,
2,
3
]
arg4 = true
arg5 = [
false,
true,
false
]
arg6 = \\"\${type.name.attr}\\"
arg7 = [
\\"\${type.name.attr}\\",
\\"\${type.name.attr}\\",
\\"\${type.name.attr}\\"
]
arg8 = \\"\${type.name}\\"
arg9 = [
\\"\${type.name}\\",
\\"\${type.name}\\",
\\"\${type.name}\\"
]
arg10 = [
\\"e\\",
4,
true,
\\"\${type.name.attr}\\",
\\"\${type.name}\\"
]
arg11 = \\"\${arg}\\"
arg12 = \\"\${type.name.attr}\\"
arg13 = as is
arg14 = <<EOT
heredoc
EOT
arg15 = \\"\${fn(1, 2, 3)}\\"
arg16 = \\"\${fn(type.name.attr, type.name.attr, type.name.attr)}\\"
arg100 {
arg0 = \\"a\\"
arg1 = [
\\"b\\",
\\"c\\",
\\"d\\"
]
arg2 = 0
arg3 = [
1,
2,
3
]
arg4 = true
arg5 = [
false,
true,
false
]
arg6 = \\"\${type.name.attr}\\"
arg7 = [
\\"\${type.name.attr}\\",
\\"\${type.name.attr}\\",
\\"\${type.name.attr}\\"
]
arg8 = \\"\${type.name}\\"
arg9 = [
\\"\${type.name}\\",
\\"\${type.name}\\",
\\"\${type.name}\\"
]
arg10 = [
\\"e\\",
4,
true,
\\"\${type.name.attr}\\",
\\"\${type.name}\\"
]
arg11 = \\"\${arg}\\"
arg12 = \\"\${type.name.attr}\\"
arg13 = as is
arg14 = <<EOT
heredoc
EOT
arg15 = \\"\${fn(1, 2, 3)}\\"
arg16 = \\"\${fn(type.name.attr, type.name.attr, type.name.attr)}\\"
}
}
arg101 {
arg0 = \\"a\\"
arg1 = [
\\"b\\",
\\"c\\",
\\"d\\"
]
arg2 = 0
arg3 = [
1,
2,
3
]
arg4 = true
arg5 = [
false,
true,
false
]
arg6 = \\"\${type.name.attr}\\"
arg7 = [
\\"\${type.name.attr}\\",
\\"\${type.name.attr}\\",
\\"\${type.name.attr}\\"
]
arg8 = \\"\${type.name}\\"
arg9 = [
\\"\${type.name}\\",
\\"\${type.name}\\",
\\"\${type.name}\\"
]
arg10 = [
\\"e\\",
4,
true,
\\"\${type.name.attr}\\",
\\"\${type.name}\\"
]
arg11 = \\"\${arg}\\"
arg12 = \\"\${type.name.attr}\\"
arg13 = as is
arg14 = <<EOT
heredoc
EOT
arg15 = \\"\${fn(1, 2, 3)}\\"
arg16 = \\"\${fn(type.name.attr, type.name.attr, type.name.attr)}\\"
arg100 {
arg0 = \\"a\\"
arg1 = [
\\"b\\",
\\"c\\",
\\"d\\"
]
arg2 = 0
arg3 = [
1,
2,
3
]
arg4 = true
arg5 = [
false,
true,
false
]
arg6 = \\"\${type.name.attr}\\"
arg7 = [
\\"\${type.name.attr}\\",
\\"\${type.name.attr}\\",
\\"\${type.name.attr}\\"
]
arg8 = \\"\${type.name}\\"
arg9 = [
\\"\${type.name}\\",
\\"\${type.name}\\",
\\"\${type.name}\\"
]
arg10 = [
\\"e\\",
4,
true,
\\"\${type.name.attr}\\",
\\"\${type.name}\\"
]
arg11 = \\"\${arg}\\"
arg12 = \\"\${type.name.attr}\\"
arg13 = as is
arg14 = <<EOT
heredoc
EOT
arg15 = \\"\${fn(1, 2, 3)}\\"
arg16 = \\"\${fn(type.name.attr, type.name.attr, type.name.attr)}\\"
}
}
arg102 = {
arg0 = \\"a\\"
arg1 = [
\\"b\\",
\\"c\\",
\\"d\\"
]
arg2 = 0
arg3 = [
1,
2,
3
]
arg4 = true
arg5 = [
false,
true,
false
]
arg6 = \\"\${type.name.attr}\\"
arg7 = [
\\"\${type.name.attr}\\",
\\"\${type.name.attr}\\",
\\"\${type.name.attr}\\"
]
arg8 = \\"\${type.name}\\"
arg9 = [
\\"\${type.name}\\",
\\"\${type.name}\\",
\\"\${type.name}\\"
]
arg10 = [
\\"e\\",
4,
true,
\\"\${type.name.attr}\\",
\\"\${type.name}\\"
]
arg11 = \\"\${arg}\\"
arg12 = \\"\${type.name.attr}\\"
arg13 = as is
arg14 = <<EOT
heredoc
EOT
arg15 = \\"\${fn(1, 2, 3)}\\"
arg16 = \\"\${fn(type.name.attr, type.name.attr, type.name.attr)}\\"
arg100 {
arg0 = \\"a\\"
arg1 = [
\\"b\\",
\\"c\\",
\\"d\\"
]
arg2 = 0
arg3 = [
1,
2,
3
]
arg4 = true
arg5 = [
false,
true,
false
]
arg6 = \\"\${type.name.attr}\\"
arg7 = [
\\"\${type.name.attr}\\",
\\"\${type.name.attr}\\",
\\"\${type.name.attr}\\"
]
arg8 = \\"\${type.name}\\"
arg9 = [
\\"\${type.name}\\",
\\"\${type.name}\\",
\\"\${type.name}\\"
]
arg10 = [
\\"e\\",
4,
true,
\\"\${type.name.attr}\\",
\\"\${type.name}\\"
]
arg11 = \\"\${arg}\\"
arg12 = \\"\${type.name.attr}\\"
arg13 = as is
arg14 = <<EOT
heredoc
EOT
arg15 = \\"\${fn(1, 2, 3)}\\"
arg16 = \\"\${fn(type.name.attr, type.name.attr, type.name.attr)}\\"
}
arg101 {
arg0 = \\"a\\"
arg1 = [
\\"b\\",
\\"c\\",
\\"d\\"
]
arg2 = 0
arg3 = [
1,
2,
3
]
arg4 = true
arg5 = [
false,
true,
false
]
arg6 = \\"\${type.name.attr}\\"
arg7 = [
\\"\${type.name.attr}\\",
\\"\${type.name.attr}\\",
\\"\${type.name.attr}\\"
]
arg8 = \\"\${type.name}\\"
arg9 = [
\\"\${type.name}\\",
\\"\${type.name}\\",
\\"\${type.name}\\"
]
arg10 = [
\\"e\\",
4,
true,
\\"\${type.name.attr}\\",
\\"\${type.name}\\"
]
arg11 = \\"\${arg}\\"
arg12 = \\"\${type.name.attr}\\"
arg13 = as is
arg14 = <<EOT
heredoc
EOT
arg15 = \\"\${fn(1, 2, 3)}\\"
arg16 = \\"\${fn(type.name.attr, type.name.attr, type.name.attr)}\\"
arg100 {
arg0 = \\"a\\"
arg1 = [
\\"b\\",
\\"c\\",
\\"d\\"
]
arg2 = 0
arg3 = [
1,
2,
3
]
arg4 = true
arg5 = [
false,
true,
false
]
arg6 = \\"\${type.name.attr}\\"
arg7 = [
\\"\${type.name.attr}\\",
\\"\${type.name.attr}\\",
\\"\${type.name.attr}\\"
]
arg8 = \\"\${type.name}\\"
arg9 = [
\\"\${type.name}\\",
\\"\${type.name}\\",
\\"\${type.name}\\"
]
arg10 = [
\\"e\\",
4,
true,
\\"\${type.name.attr}\\",
\\"\${type.name}\\"
]
arg11 = \\"\${arg}\\"
arg12 = \\"\${type.name.attr}\\"
arg13 = as is
arg14 = <<EOT
heredoc
EOT
arg15 = \\"\${fn(1, 2, 3)}\\"
arg16 = \\"\${fn(type.name.attr, type.name.attr, type.name.attr)}\\"
}
}
arg101 {
arg0 = \\"a\\"
arg1 = [
\\"b\\",
\\"c\\",
\\"d\\"
]
arg2 = 0
arg3 = [
1,
2,
3
]
arg4 = true
arg5 = [
false,
true,
false
]
arg6 = \\"\${type.name.attr}\\"
arg7 = [
\\"\${type.name.attr}\\",
\\"\${type.name.attr}\\",
\\"\${type.name.attr}\\"
]
arg8 = \\"\${type.name}\\"
arg9 = [
\\"\${type.name}\\",
\\"\${type.name}\\",
\\"\${type.name}\\"
]
arg10 = [
\\"e\\",
4,
true,
\\"\${type.name.attr}\\",
\\"\${type.name}\\"
]
arg11 = \\"\${arg}\\"
arg12 = \\"\${type.name.attr}\\"
arg13 = as is
arg14 = <<EOT
heredoc
EOT
arg15 = \\"\${fn(1, 2, 3)}\\"
arg16 = \\"\${fn(type.name.attr, type.name.attr, type.name.attr)}\\"
arg100 {
arg0 = \\"a\\"
arg1 = [
\\"b\\",
\\"c\\",
\\"d\\"
]
arg2 = 0
arg3 = [
1,
2,
3
]
arg4 = true
arg5 = [
false,
true,
false
]
arg6 = \\"\${type.name.attr}\\"
arg7 = [
\\"\${type.name.attr}\\",
\\"\${type.name.attr}\\",
\\"\${type.name.attr}\\"
]
arg8 = \\"\${type.name}\\"
arg9 = [
\\"\${type.name}\\",
\\"\${type.name}\\",
\\"\${type.name}\\"
]
arg10 = [
\\"e\\",
4,
true,
\\"\${type.name.attr}\\",
\\"\${type.name}\\"
]
arg11 = \\"\${arg}\\"
arg12 = \\"\${type.name.attr}\\"
arg13 = as is
arg14 = <<EOT
heredoc
EOT
arg15 = \\"\${fn(1, 2, 3)}\\"
arg16 = \\"\${fn(type.name.attr, type.name.attr, type.name.attr)}\\"
}
}
arg101 {
arg0 = \\"a\\"
arg1 = [
\\"b\\",
\\"c\\",
\\"d\\"
]
arg2 = 0
arg3 = [
1,
2,
3
]
arg4 = true
arg5 = [
false,
true,
false
]
arg6 = \\"\${type.name.attr}\\"
arg7 = [
\\"\${type.name.attr}\\",
\\"\${type.name.attr}\\",
\\"\${type.name.attr}\\"
]
arg8 = \\"\${type.name}\\"
arg9 = [
\\"\${type.name}\\",
\\"\${type.name}\\",
\\"\${type.name}\\"
]
arg10 = [
\\"e\\",
4,
true,
\\"\${type.name.attr}\\",
\\"\${type.name}\\"
]
arg11 = \\"\${arg}\\"
arg12 = \\"\${type.name.attr}\\"
arg13 = as is
arg14 = <<EOT
heredoc
EOT
arg15 = \\"\${fn(1, 2, 3)}\\"
arg16 = \\"\${fn(type.name.attr, type.name.attr, type.name.attr)}\\"
arg100 {
arg0 = \\"a\\"
arg1 = [
\\"b\\",
\\"c\\",
\\"d\\"
]
arg2 = 0
arg3 = [
1,
2,
3
]
arg4 = true
arg5 = [
false,
true,
false
]
arg6 = \\"\${type.name.attr}\\"
arg7 = [
\\"\${type.name.attr}\\",
\\"\${type.name.attr}\\",
\\"\${type.name.attr}\\"
]
arg8 = \\"\${type.name}\\"
arg9 = [
\\"\${type.name}\\",
\\"\${type.name}\\",
\\"\${type.name}\\"
]
arg10 = [
\\"e\\",
4,
true,
\\"\${type.name.attr}\\",
\\"\${type.name}\\"
]
arg11 = \\"\${arg}\\"
arg12 = \\"\${type.name.attr}\\"
arg13 = as is
arg14 = <<EOT
heredoc
EOT
arg15 = \\"\${fn(1, 2, 3)}\\"
arg16 = \\"\${fn(type.name.attr, type.name.attr, type.name.attr)}\\"
}
}
}
}

"
`;

exports[`Resource 2`] = `
"resource \\"type\\" \\"name\\"{
arg0 = \\"a\\"
arg1 = [
\\"b\\",
\\"c\\",
\\"d\\"
]
arg2 = 0
arg3 = [
1,
2,
3
]
arg4 = true
arg5 = [
false,
true,
false
]
arg6 = type.name.attr
arg7 = [
type.name.attr,
type.name.attr,
type.name.attr
]
arg8 = type.name
arg9 = [
type.name,
type.name,
type.name
]
arg10 = [
\\"e\\",
4,
true,
type.name.attr,
type.name
]
arg11 = arg
arg12 = type.name.attr
arg13 = as is
arg14 = <<EOT
heredoc
EOT
arg15 = fn(1, 2, 3)
arg16 = fn(type.name.attr, type.name.attr, type.name.attr)
arg100 {
arg0 = \\"a\\"
arg1 = [
\\"b\\",
\\"c\\",
\\"d\\"
]
arg2 = 0
arg3 = [
1,
2,
3
]
arg4 = true
arg5 = [
false,
true,
false
]
arg6 = type.name.attr
arg7 = [
type.name.attr,
type.name.attr,
type.name.attr
]
arg8 = type.name
arg9 = [
type.name,
type.name,
type.name
]
arg10 = [
\\"e\\",
4,
true,
type.name.attr,
type.name
]
arg11 = arg
arg12 = type.name.attr
arg13 = as is
arg14 = <<EOT
heredoc
EOT
arg15 = fn(1, 2, 3)
arg16 = fn(type.name.attr, type.name.attr, type.name.attr)
}
arg101 {
arg0 = \\"a\\"
arg1 = [
\\"b\\",
\\"c\\",
\\"d\\"
]
arg2 = 0
arg3 = [
1,
2,
3
]
arg4 = true
arg5 = [
false,
true,
false
]
arg6 = type.name.attr
arg7 = [
type.name.attr,
type.name.attr,
type.name.attr
]
arg8 = type.name
arg9 = [
type.name,
type.name,
type.name
]
arg10 = [
\\"e\\",
4,
true,
type.name.attr,
type.name
]
arg11 = arg
arg12 = type.name.attr
arg13 = as is
arg14 = <<EOT
heredoc
EOT
arg15 = fn(1, 2, 3)
arg16 = fn(type.name.attr, type.name.attr, type.name.attr)
arg100 {
arg0 = \\"a\\"
arg1 = [
\\"b\\",
\\"c\\",
\\"d\\"
]
arg2 = 0
arg3 = [
1,
2,
3
]
arg4 = true
arg5 = [
false,
true,
false
]
arg6 = type.name.attr
arg7 = [
type.name.attr,
type.name.attr,
type.name.attr
]
arg8 = type.name
arg9 = [
type.name,
type.name,
type.name
]
arg10 = [
\\"e\\",
4,
true,
type.name.attr,
type.name
]
arg11 = arg
arg12 = type.name.attr
arg13 = as is
arg14 = <<EOT
heredoc
EOT
arg15 = fn(1, 2, 3)
arg16 = fn(type.name.attr, type.name.attr, type.name.attr)
}
}
arg101 {
arg0 = \\"a\\"
arg1 = [
\\"b\\",
\\"c\\",
\\"d\\"
]
arg2 = 0
arg3 = [
1,
2,
3
]
arg4 = true
arg5 = [
false,
true,
false
]
arg6 = type.name.attr
arg7 = [
type.name.attr,
type.name.attr,
type.name.attr
]
arg8 = type.name
arg9 = [
type.name,
type.name,
type.name
]
arg10 = [
\\"e\\",
4,
true,
type.name.attr,
type.name
]
arg11 = arg
arg12 = type.name.attr
arg13 = as is
arg14 = <<EOT
heredoc
EOT
arg15 = fn(1, 2, 3)
arg16 = fn(type.name.attr, type.name.attr, type.name.attr)
arg100 {
arg0 = \\"a\\"
arg1 = [
\\"b\\",
\\"c\\",
\\"d\\"
]
arg2 = 0
arg3 = [
1,
2,
3
]
arg4 = true
arg5 = [
false,
true,
false
]
arg6 = type.name.attr
arg7 = [
type.name.attr,
type.name.attr,
type.name.attr
]
arg8 = type.name
arg9 = [
type.name,
type.name,
type.name
]
arg10 = [
\\"e\\",
4,
true,
type.name.attr,
type.name
]
arg11 = arg
arg12 = type.name.attr
arg13 = as is
arg14 = <<EOT
heredoc
EOT
arg15 = fn(1, 2, 3)
arg16 = fn(type.name.attr, type.name.attr, type.name.attr)
}
}
arg101 {
arg0 = \\"a\\"
arg1 = [
\\"b\\",
\\"c\\",
\\"d\\"
]
arg2 = 0
arg3 = [
1,
2,
3
]
arg4 = true
arg5 = [
false,
true,
false
]
arg6 = type.name.attr
arg7 = [
type.name.attr,
type.name.attr,
type.name.attr
]
arg8 = type.name
arg9 = [
type.name,
type.name,
type.name
]
arg10 = [
\\"e\\",
4,
true,
type.name.attr,
type.name
]
arg11 = arg
arg12 = type.name.attr
arg13 = as is
arg14 = <<EOT
heredoc
EOT
arg15 = fn(1, 2, 3)
arg16 = fn(type.name.attr, type.name.attr, type.name.attr)
arg100 {
arg0 = \\"a\\"
arg1 = [
\\"b\\",
\\"c\\",
\\"d\\"
]
arg2 = 0
arg3 = [
1,
2,
3
]
arg4 = true
arg5 = [
false,
true,
false
]
arg6 = type.name.attr
arg7 = [
type.name.attr,
type.name.attr,
type.name.attr
]
arg8 = type.name
arg9 = [
type.name,
type.name,
type.name
]
arg10 = [
\\"e\\",
4,
true,
type.name.attr,
type.name
]
arg11 = arg
arg12 = type.name.attr
arg13 = as is
arg14 = <<EOT
heredoc
EOT
arg15 = fn(1, 2, 3)
arg16 = fn(type.name.attr, type.name.attr, type.name.attr)
}
}
arg102 = {
arg0 = \\"a\\"
arg1 = [
\\"b\\",
\\"c\\",
\\"d\\"
]
arg2 = 0
arg3 = [
1,
2,
3
]
arg4 = true
arg5 = [
false,
true,
false
]
arg6 = type.name.attr
arg7 = [
type.name.attr,
type.name.attr,
type.name.attr
]
arg8 = type.name
arg9 = [
type.name,
type.name,
type.name
]
arg10 = [
\\"e\\",
4,
true,
type.name.attr,
type.name
]
arg11 = arg
arg12 = type.name.attr
arg13 = as is
arg14 = <<EOT
heredoc
EOT
arg15 = fn(1, 2, 3)
arg16 = fn(type.name.attr, type.name.attr, type.name.attr)
arg100 {
arg0 = \\"a\\"
arg1 = [
\\"b\\",
\\"c\\",
\\"d\\"
]
arg2 = 0
arg3 = [
1,
2,
3
]
arg4 = true
arg5 = [
false,
true,
false
]
arg6 = type.name.attr
arg7 = [
type.name.attr,
type.name.attr,
type.name.attr
]
arg8 = type.name
arg9 = [
type.name,
type.name,
type.name
]
arg10 = [
\\"e\\",
4,
true,
type.name.attr,
type.name
]
arg11 = arg
arg12 = type.name.attr
arg13 = as is
arg14 = <<EOT
heredoc
EOT
arg15 = fn(1, 2, 3)
arg16 = fn(type.name.attr, type.name.attr, type.name.attr)
}
arg101 {
arg0 = \\"a\\"
arg1 = [
\\"b\\",
\\"c\\",
\\"d\\"
]
arg2 = 0
arg3 = [
1,
2,
3
]
arg4 = true
arg5 = [
false,
true,
false
]
arg6 = type.name.attr
arg7 = [
type.name.attr,
type.name.attr,
type.name.attr
]
arg8 = type.name
arg9 = [
type.name,
type.name,
type.name
]
arg10 = [
\\"e\\",
4,
true,
type.name.attr,
type.name
]
arg11 = arg
arg12 = type.name.attr
arg13 = as is
arg14 = <<EOT
heredoc
EOT
arg15 = fn(1, 2, 3)
arg16 = fn(type.name.attr, type.name.attr, type.name.attr)
arg100 {
arg0 = \\"a\\"
arg1 = [
\\"b\\",
\\"c\\",
\\"d\\"
]
arg2 = 0
arg3 = [
1,
2,
3
]
arg4 = true
arg5 = [
false,
true,
false
]
arg6 = type.name.attr
arg7 = [
type.name.attr,
type.name.attr,
type.name.attr
]
arg8 = type.name
arg9 = [
type.name,
type.name,
type.name
]
arg10 = [
\\"e\\",
4,
true,
type.name.attr,
type.name
]
arg11 = arg
arg12 = type.name.attr
arg13 = as is
arg14 = <<EOT
heredoc
EOT
arg15 = fn(1, 2, 3)
arg16 = fn(type.name.attr, type.name.attr, type.name.attr)
}
}
arg101 {
arg0 = \\"a\\"
arg1 = [
\\"b\\",
\\"c\\",
\\"d\\"
]
arg2 = 0
arg3 = [
1,
2,
3
]
arg4 = true
arg5 = [
false,
true,
false
]
arg6 = type.name.attr
arg7 = [
type.name.attr,
type.name.attr,
type.name.attr
]
arg8 = type.name
arg9 = [
type.name,
type.name,
type.name
]
arg10 = [
\\"e\\",
4,
true,
type.name.attr,
type.name
]
arg11 = arg
arg12 = type.name.attr
arg13 = as is
arg14 = <<EOT
heredoc
EOT
arg15 = fn(1, 2, 3)
arg16 = fn(type.name.attr, type.name.attr, type.name.attr)
arg100 {
arg0 = \\"a\\"
arg1 = [
\\"b\\",
\\"c\\",
\\"d\\"
]
arg2 = 0
arg3 = [
1,
2,
3
]
arg4 = true
arg5 = [
false,
true,
false
]
arg6 = type.name.attr
arg7 = [
type.name.attr,
type.name.attr,
type.name.attr
]
arg8 = type.name
arg9 = [
type.name,
type.name,
type.name
]
arg10 = [
\\"e\\",
4,
true,
type.name.attr,
type.name
]
arg11 = arg
arg12 = type.name.attr
arg13 = as is
arg14 = <<EOT
heredoc
EOT
arg15 = fn(1, 2, 3)
arg16 = fn(type.name.attr, type.name.attr, type.name.attr)
}
}
arg101 {
arg0 = \\"a\\"
arg1 = [
\\"b\\",
\\"c\\",
\\"d\\"
]
arg2 = 0
arg3 = [
1,
2,
3
]
arg4 = true
arg5 = [
false,
true,
false
]
arg6 = type.name.attr
arg7 = [
type.name.attr,
type.name.attr,
type.name.attr
]
arg8 = type.name
arg9 = [
type.name,
type.name,
type.name
]
arg10 = [
\\"e\\",
4,
true,
type.name.attr,
type.name
]
arg11 = arg
arg12 = type.name.attr
arg13 = as is
arg14 = <<EOT
heredoc
EOT
arg15 = fn(1, 2, 3)
arg16 = fn(type.name.attr, type.name.attr, type.name.attr)
arg100 {
arg0 = \\"a\\"
arg1 = [
\\"b\\",
\\"c\\",
\\"d\\"
]
arg2 = 0
arg3 = [
1,
2,
3
]
arg4 = true
arg5 = [
false,
true,
false
]
arg6 = type.name.attr
arg7 = [
type.name.attr,
type.name.attr,
type.name.attr
]
arg8 = type.name
arg9 = [
type.name,
type.name,
type.name
]
arg10 = [
\\"e\\",
4,
true,
type.name.attr,
type.name
]
arg11 = arg
arg12 = type.name.attr
arg13 = as is
arg14 = <<EOT
heredoc
EOT
arg15 = fn(1, 2, 3)
arg16 = fn(type.name.attr, type.name.attr, type.name.attr)
}
}
}
}

"
`;

exports[`toData Data args 1`] = `
"data \\"type\\" \\"name\\"{
a = \\"a\\"
filter {
name = \\"tag:a\\"
values = [
\\"a\\"
]
}
filter {
name = \\"tag:b\\"
values = [
\\"b\\"
]
}
arg = \\"arg\\"
}

"
`;

exports[`toData Data args 2`] = `
"data \\"type\\" \\"name\\"{
a = \\"a\\"
filter {
name = \\"tag:a\\"
values = [
\\"a\\"
]
}
filter {
name = \\"tag:b\\"
values = [
\\"b\\"
]
}
arg = \\"arg\\"
}

"
`;

exports[`toData Data args 3`] = `
"data \\"newType\\" \\"newName\\"{
a = \\"a\\"
filter {
name = \\"tag:a\\"
values = [
\\"a\\"
]
}
filter {
name = \\"tag:b\\"
values = [
\\"b\\"
]
}
arg = \\"arg\\"
}

"
`;

exports[`toData Data args 4`] = `
"data \\"newType\\" \\"newName\\"{
a = \\"a\\"
filter {
name = \\"tag:a\\"
values = [
\\"a\\"
]
}
filter {
name = \\"tag:b\\"
values = [
\\"b\\"
]
}
arg = \\"arg\\"
}

"
`;

exports[`toData Data args overwrite 1`] = `
"data \\"type\\" \\"name\\"{
arg = \\"a\\"
filter {
name = \\"tag:a\\"
values = [
\\"a\\"
]
}
filter {
name = \\"tag:b\\"
values = [
\\"b\\"
]
}
}

"
`;

exports[`toData Data args overwrite 2`] = `
"data \\"type\\" \\"name\\"{
arg = \\"a\\"
filter {
name = \\"tag:a\\"
values = [
\\"a\\"
]
}
filter {
name = \\"tag:b\\"
values = [
\\"b\\"
]
}
}

"
`;

exports[`toData Data args overwrite 3`] = `
"data \\"newType\\" \\"newName\\"{
arg = \\"a\\"
filter {
name = \\"tag:a\\"
values = [
\\"a\\"
]
}
filter {
name = \\"tag:b\\"
values = [
\\"b\\"
]
}
}

"
`;

exports[`toData Data args overwrite 4`] = `
"data \\"newType\\" \\"newName\\"{
arg = \\"a\\"
filter {
name = \\"tag:a\\"
values = [
\\"a\\"
]
}
filter {
name = \\"tag:b\\"
values = [
\\"b\\"
]
}
}

"
`;

exports[`toData Data args with filter 1`] = `
"data \\"type\\" \\"name\\"{
filter {
name = \\"tag:a\\"
values = [
\\"a\\"
]
}
filter {
name = \\"tag:b\\"
values = [
\\"b\\"
]
}
arg = \\"arg\\"
}

"
`;

exports[`toData Data args with filter 2`] = `
"data \\"type\\" \\"name\\"{
filter {
name = \\"tag:a\\"
values = [
\\"a\\"
]
}
filter {
name = \\"tag:b\\"
values = [
\\"b\\"
]
}
arg = \\"arg\\"
}

"
`;

exports[`toData Data args with filter 3`] = `
"data \\"newType\\" \\"newName\\"{
filter {
name = \\"tag:a\\"
values = [
\\"a\\"
]
}
filter {
name = \\"tag:b\\"
values = [
\\"b\\"
]
}
arg = \\"arg\\"
}

"
`;

exports[`toData Data args with filter 4`] = `
"data \\"newType\\" \\"newName\\"{
filter {
name = \\"tag:a\\"
values = [
\\"a\\"
]
}
filter {
name = \\"tag:b\\"
values = [
\\"b\\"
]
}
arg = \\"arg\\"
}

"
`;

exports[`toData OK 1`] = `
"data \\"type\\" \\"name\\"{
filter {
name = \\"tag:a\\"
values = [
\\"a\\"
]
}
filter {
name = \\"tag:b\\"
values = [
\\"b\\"
]
}
arg = \\"arg\\"
}

"
`;

exports[`toData OK 2`] = `
"data \\"type\\" \\"name\\"{
filter {
name = \\"tag:a\\"
values = [
\\"a\\"
]
}
filter {
name = \\"tag:b\\"
values = [
\\"b\\"
]
}
arg = \\"arg\\"
}

"
`;

exports[`toData OK 3`] = `
"data \\"newType\\" \\"newName\\"{
filter {
name = \\"tag:a\\"
values = [
\\"a\\"
]
}
filter {
name = \\"tag:b\\"
values = [
\\"b\\"
]
}
arg = \\"arg\\"
}

"
`;

exports[`toData OK 4`] = `
"data \\"newType\\" \\"newName\\"{
filter {
name = \\"tag:a\\"
values = [
\\"a\\"
]
}
filter {
name = \\"tag:b\\"
values = [
\\"b\\"
]
}
arg = \\"arg\\"
}

"
`;
