// Jest Snapshot v1, https://goo.gl/fbAQLP

exports[`Resource 1`] = `
"resource \\"type\\" \\"name\\"{
arg0 = \\"a\\"
arg1 = [
\\"b\\",
\\"c\\",
\\"d\\",
]
arg2 = 0
arg3 = [
1,
2,
3,
]
arg4 = true
arg5 = [
false,
true,
false,
]
arg6 = \\"\${type.name.attr}\\"
arg7 = [
\\"\${type.name.attr}\\",
\\"\${type.name.attr}\\",
\\"\${type.name.attr}\\",
]
arg8 = \\"\${type.name}\\"
arg9 = [
\\"\${type.name}\\",
\\"\${type.name}\\",
\\"\${type.name}\\",
]
arg10 = [
\\"e\\",
4,
true,
\\"\${type.name.attr}\\",
\\"\${type.name}\\",
]
arg11 = \\"\${max(5, 12, 9)}\\"
arg12 = \\"\${max(5, type.name.attr, 9)}\\"
arg13 = <<EOT
heredoc
EOT
arg14 = \\"\${fn(1, 2, 3)}\\"
arg15 = AS IS
arg100 {
arg0 = \\"a\\"
arg1 = [
\\"b\\",
\\"c\\",
\\"d\\",
]
arg2 = 0
arg3 = [
1,
2,
3,
]
arg4 = true
arg5 = [
false,
true,
false,
]
arg6 = \\"\${type.name.attr}\\"
arg7 = [
\\"\${type.name.attr}\\",
\\"\${type.name.attr}\\",
\\"\${type.name.attr}\\",
]
arg8 = \\"\${type.name}\\"
arg9 = [
\\"\${type.name}\\",
\\"\${type.name}\\",
\\"\${type.name}\\",
]
arg10 = [
\\"e\\",
4,
true,
\\"\${type.name.attr}\\",
\\"\${type.name}\\",
]
arg11 = \\"\${max(5, 12, 9)}\\"
arg12 = \\"\${max(5, type.name.attr, 9)}\\"
arg13 = <<EOT
heredoc
EOT
arg14 = \\"\${fn(1, 2, 3)}\\"
arg15 = AS IS
}
arg101 {
arg0 = \\"a\\"
arg1 = [
\\"b\\",
\\"c\\",
\\"d\\",
]
arg2 = 0
arg3 = [
1,
2,
3,
]
arg4 = true
arg5 = [
false,
true,
false,
]
arg6 = \\"\${type.name.attr}\\"
arg7 = [
\\"\${type.name.attr}\\",
\\"\${type.name.attr}\\",
\\"\${type.name.attr}\\",
]
arg8 = \\"\${type.name}\\"
arg9 = [
\\"\${type.name}\\",
\\"\${type.name}\\",
\\"\${type.name}\\",
]
arg10 = [
\\"e\\",
4,
true,
\\"\${type.name.attr}\\",
\\"\${type.name}\\",
]
arg11 = \\"\${max(5, 12, 9)}\\"
arg12 = \\"\${max(5, type.name.attr, 9)}\\"
arg13 = <<EOT
heredoc
EOT
arg14 = \\"\${fn(1, 2, 3)}\\"
arg15 = AS IS
arg100 {
arg0 = \\"a\\"
arg1 = [
\\"b\\",
\\"c\\",
\\"d\\",
]
arg2 = 0
arg3 = [
1,
2,
3,
]
arg4 = true
arg5 = [
false,
true,
false,
]
arg6 = \\"\${type.name.attr}\\"
arg7 = [
\\"\${type.name.attr}\\",
\\"\${type.name.attr}\\",
\\"\${type.name.attr}\\",
]
arg8 = \\"\${type.name}\\"
arg9 = [
\\"\${type.name}\\",
\\"\${type.name}\\",
\\"\${type.name}\\",
]
arg10 = [
\\"e\\",
4,
true,
\\"\${type.name.attr}\\",
\\"\${type.name}\\",
]
arg11 = \\"\${max(5, 12, 9)}\\"
arg12 = \\"\${max(5, type.name.attr, 9)}\\"
arg13 = <<EOT
heredoc
EOT
arg14 = \\"\${fn(1, 2, 3)}\\"
arg15 = AS IS
}
}
arg101 {
arg0 = \\"a\\"
arg1 = [
\\"b\\",
\\"c\\",
\\"d\\",
]
arg2 = 0
arg3 = [
1,
2,
3,
]
arg4 = true
arg5 = [
false,
true,
false,
]
arg6 = \\"\${type.name.attr}\\"
arg7 = [
\\"\${type.name.attr}\\",
\\"\${type.name.attr}\\",
\\"\${type.name.attr}\\",
]
arg8 = \\"\${type.name}\\"
arg9 = [
\\"\${type.name}\\",
\\"\${type.name}\\",
\\"\${type.name}\\",
]
arg10 = [
\\"e\\",
4,
true,
\\"\${type.name.attr}\\",
\\"\${type.name}\\",
]
arg11 = \\"\${max(5, 12, 9)}\\"
arg12 = \\"\${max(5, type.name.attr, 9)}\\"
arg13 = <<EOT
heredoc
EOT
arg14 = \\"\${fn(1, 2, 3)}\\"
arg15 = AS IS
arg100 {
arg0 = \\"a\\"
arg1 = [
\\"b\\",
\\"c\\",
\\"d\\",
]
arg2 = 0
arg3 = [
1,
2,
3,
]
arg4 = true
arg5 = [
false,
true,
false,
]
arg6 = \\"\${type.name.attr}\\"
arg7 = [
\\"\${type.name.attr}\\",
\\"\${type.name.attr}\\",
\\"\${type.name.attr}\\",
]
arg8 = \\"\${type.name}\\"
arg9 = [
\\"\${type.name}\\",
\\"\${type.name}\\",
\\"\${type.name}\\",
]
arg10 = [
\\"e\\",
4,
true,
\\"\${type.name.attr}\\",
\\"\${type.name}\\",
]
arg11 = \\"\${max(5, 12, 9)}\\"
arg12 = \\"\${max(5, type.name.attr, 9)}\\"
arg13 = <<EOT
heredoc
EOT
arg14 = \\"\${fn(1, 2, 3)}\\"
arg15 = AS IS
}
}
arg101 {
arg0 = \\"a\\"
arg1 = [
\\"b\\",
\\"c\\",
\\"d\\",
]
arg2 = 0
arg3 = [
1,
2,
3,
]
arg4 = true
arg5 = [
false,
true,
false,
]
arg6 = \\"\${type.name.attr}\\"
arg7 = [
\\"\${type.name.attr}\\",
\\"\${type.name.attr}\\",
\\"\${type.name.attr}\\",
]
arg8 = \\"\${type.name}\\"
arg9 = [
\\"\${type.name}\\",
\\"\${type.name}\\",
\\"\${type.name}\\",
]
arg10 = [
\\"e\\",
4,
true,
\\"\${type.name.attr}\\",
\\"\${type.name}\\",
]
arg11 = \\"\${max(5, 12, 9)}\\"
arg12 = \\"\${max(5, type.name.attr, 9)}\\"
arg13 = <<EOT
heredoc
EOT
arg14 = \\"\${fn(1, 2, 3)}\\"
arg15 = AS IS
arg100 {
arg0 = \\"a\\"
arg1 = [
\\"b\\",
\\"c\\",
\\"d\\",
]
arg2 = 0
arg3 = [
1,
2,
3,
]
arg4 = true
arg5 = [
false,
true,
false,
]
arg6 = \\"\${type.name.attr}\\"
arg7 = [
\\"\${type.name.attr}\\",
\\"\${type.name.attr}\\",
\\"\${type.name.attr}\\",
]
arg8 = \\"\${type.name}\\"
arg9 = [
\\"\${type.name}\\",
\\"\${type.name}\\",
\\"\${type.name}\\",
]
arg10 = [
\\"e\\",
4,
true,
\\"\${type.name.attr}\\",
\\"\${type.name}\\",
]
arg11 = \\"\${max(5, 12, 9)}\\"
arg12 = \\"\${max(5, type.name.attr, 9)}\\"
arg13 = <<EOT
heredoc
EOT
arg14 = \\"\${fn(1, 2, 3)}\\"
arg15 = AS IS
}
}
arg102 = {
arg0 = \\"a\\"
arg1 = [
\\"b\\",
\\"c\\",
\\"d\\",
]
arg2 = 0
arg3 = [
1,
2,
3,
]
arg4 = true
arg5 = [
false,
true,
false,
]
arg6 = \\"\${type.name.attr}\\"
arg7 = [
\\"\${type.name.attr}\\",
\\"\${type.name.attr}\\",
\\"\${type.name.attr}\\",
]
arg8 = \\"\${type.name}\\"
arg9 = [
\\"\${type.name}\\",
\\"\${type.name}\\",
\\"\${type.name}\\",
]
arg10 = [
\\"e\\",
4,
true,
\\"\${type.name.attr}\\",
\\"\${type.name}\\",
]
arg11 = \\"\${max(5, 12, 9)}\\"
arg12 = \\"\${max(5, type.name.attr, 9)}\\"
arg13 = <<EOT
heredoc
EOT
arg14 = \\"\${fn(1, 2, 3)}\\"
arg15 = AS IS
arg100 {
arg0 = \\"a\\"
arg1 = [
\\"b\\",
\\"c\\",
\\"d\\",
]
arg2 = 0
arg3 = [
1,
2,
3,
]
arg4 = true
arg5 = [
false,
true,
false,
]
arg6 = \\"\${type.name.attr}\\"
arg7 = [
\\"\${type.name.attr}\\",
\\"\${type.name.attr}\\",
\\"\${type.name.attr}\\",
]
arg8 = \\"\${type.name}\\"
arg9 = [
\\"\${type.name}\\",
\\"\${type.name}\\",
\\"\${type.name}\\",
]
arg10 = [
\\"e\\",
4,
true,
\\"\${type.name.attr}\\",
\\"\${type.name}\\",
]
arg11 = \\"\${max(5, 12, 9)}\\"
arg12 = \\"\${max(5, type.name.attr, 9)}\\"
arg13 = <<EOT
heredoc
EOT
arg14 = \\"\${fn(1, 2, 3)}\\"
arg15 = AS IS
}
arg101 {
arg0 = \\"a\\"
arg1 = [
\\"b\\",
\\"c\\",
\\"d\\",
]
arg2 = 0
arg3 = [
1,
2,
3,
]
arg4 = true
arg5 = [
false,
true,
false,
]
arg6 = \\"\${type.name.attr}\\"
arg7 = [
\\"\${type.name.attr}\\",
\\"\${type.name.attr}\\",
\\"\${type.name.attr}\\",
]
arg8 = \\"\${type.name}\\"
arg9 = [
\\"\${type.name}\\",
\\"\${type.name}\\",
\\"\${type.name}\\",
]
arg10 = [
\\"e\\",
4,
true,
\\"\${type.name.attr}\\",
\\"\${type.name}\\",
]
arg11 = \\"\${max(5, 12, 9)}\\"
arg12 = \\"\${max(5, type.name.attr, 9)}\\"
arg13 = <<EOT
heredoc
EOT
arg14 = \\"\${fn(1, 2, 3)}\\"
arg15 = AS IS
arg100 {
arg0 = \\"a\\"
arg1 = [
\\"b\\",
\\"c\\",
\\"d\\",
]
arg2 = 0
arg3 = [
1,
2,
3,
]
arg4 = true
arg5 = [
false,
true,
false,
]
arg6 = \\"\${type.name.attr}\\"
arg7 = [
\\"\${type.name.attr}\\",
\\"\${type.name.attr}\\",
\\"\${type.name.attr}\\",
]
arg8 = \\"\${type.name}\\"
arg9 = [
\\"\${type.name}\\",
\\"\${type.name}\\",
\\"\${type.name}\\",
]
arg10 = [
\\"e\\",
4,
true,
\\"\${type.name.attr}\\",
\\"\${type.name}\\",
]
arg11 = \\"\${max(5, 12, 9)}\\"
arg12 = \\"\${max(5, type.name.attr, 9)}\\"
arg13 = <<EOT
heredoc
EOT
arg14 = \\"\${fn(1, 2, 3)}\\"
arg15 = AS IS
}
}
arg101 {
arg0 = \\"a\\"
arg1 = [
\\"b\\",
\\"c\\",
\\"d\\",
]
arg2 = 0
arg3 = [
1,
2,
3,
]
arg4 = true
arg5 = [
false,
true,
false,
]
arg6 = \\"\${type.name.attr}\\"
arg7 = [
\\"\${type.name.attr}\\",
\\"\${type.name.attr}\\",
\\"\${type.name.attr}\\",
]
arg8 = \\"\${type.name}\\"
arg9 = [
\\"\${type.name}\\",
\\"\${type.name}\\",
\\"\${type.name}\\",
]
arg10 = [
\\"e\\",
4,
true,
\\"\${type.name.attr}\\",
\\"\${type.name}\\",
]
arg11 = \\"\${max(5, 12, 9)}\\"
arg12 = \\"\${max(5, type.name.attr, 9)}\\"
arg13 = <<EOT
heredoc
EOT
arg14 = \\"\${fn(1, 2, 3)}\\"
arg15 = AS IS
arg100 {
arg0 = \\"a\\"
arg1 = [
\\"b\\",
\\"c\\",
\\"d\\",
]
arg2 = 0
arg3 = [
1,
2,
3,
]
arg4 = true
arg5 = [
false,
true,
false,
]
arg6 = \\"\${type.name.attr}\\"
arg7 = [
\\"\${type.name.attr}\\",
\\"\${type.name.attr}\\",
\\"\${type.name.attr}\\",
]
arg8 = \\"\${type.name}\\"
arg9 = [
\\"\${type.name}\\",
\\"\${type.name}\\",
\\"\${type.name}\\",
]
arg10 = [
\\"e\\",
4,
true,
\\"\${type.name.attr}\\",
\\"\${type.name}\\",
]
arg11 = \\"\${max(5, 12, 9)}\\"
arg12 = \\"\${max(5, type.name.attr, 9)}\\"
arg13 = <<EOT
heredoc
EOT
arg14 = \\"\${fn(1, 2, 3)}\\"
arg15 = AS IS
}
}
arg101 {
arg0 = \\"a\\"
arg1 = [
\\"b\\",
\\"c\\",
\\"d\\",
]
arg2 = 0
arg3 = [
1,
2,
3,
]
arg4 = true
arg5 = [
false,
true,
false,
]
arg6 = \\"\${type.name.attr}\\"
arg7 = [
\\"\${type.name.attr}\\",
\\"\${type.name.attr}\\",
\\"\${type.name.attr}\\",
]
arg8 = \\"\${type.name}\\"
arg9 = [
\\"\${type.name}\\",
\\"\${type.name}\\",
\\"\${type.name}\\",
]
arg10 = [
\\"e\\",
4,
true,
\\"\${type.name.attr}\\",
\\"\${type.name}\\",
]
arg11 = \\"\${max(5, 12, 9)}\\"
arg12 = \\"\${max(5, type.name.attr, 9)}\\"
arg13 = <<EOT
heredoc
EOT
arg14 = \\"\${fn(1, 2, 3)}\\"
arg15 = AS IS
arg100 {
arg0 = \\"a\\"
arg1 = [
\\"b\\",
\\"c\\",
\\"d\\",
]
arg2 = 0
arg3 = [
1,
2,
3,
]
arg4 = true
arg5 = [
false,
true,
false,
]
arg6 = \\"\${type.name.attr}\\"
arg7 = [
\\"\${type.name.attr}\\",
\\"\${type.name.attr}\\",
\\"\${type.name.attr}\\",
]
arg8 = \\"\${type.name}\\"
arg9 = [
\\"\${type.name}\\",
\\"\${type.name}\\",
\\"\${type.name}\\",
]
arg10 = [
\\"e\\",
4,
true,
\\"\${type.name.attr}\\",
\\"\${type.name}\\",
]
arg11 = \\"\${max(5, 12, 9)}\\"
arg12 = \\"\${max(5, type.name.attr, 9)}\\"
arg13 = <<EOT
heredoc
EOT
arg14 = \\"\${fn(1, 2, 3)}\\"
arg15 = AS IS
}
}
}
}

"
`;

exports[`Resource 2`] = `
"resource \\"type\\" \\"name\\"{
arg0 = \\"a\\"
arg1 = [
\\"b\\",
\\"c\\",
\\"d\\",
]
arg2 = 0
arg3 = [
1,
2,
3,
]
arg4 = true
arg5 = [
false,
true,
false,
]
arg6 = type.name.attr
arg7 = [
type.name.attr,
type.name.attr,
type.name.attr,
]
arg8 = type.name
arg9 = [
type.name,
type.name,
type.name,
]
arg10 = [
\\"e\\",
4,
true,
type.name.attr,
type.name,
]
arg11 = max(5, 12, 9)
arg12 = max(5, type.name.attr, 9)
arg13 = <<EOT
heredoc
EOT
arg14 = fn(1, 2, 3)
arg15 = AS IS
arg100 {
arg0 = \\"a\\"
arg1 = [
\\"b\\",
\\"c\\",
\\"d\\",
]
arg2 = 0
arg3 = [
1,
2,
3,
]
arg4 = true
arg5 = [
false,
true,
false,
]
arg6 = type.name.attr
arg7 = [
type.name.attr,
type.name.attr,
type.name.attr,
]
arg8 = type.name
arg9 = [
type.name,
type.name,
type.name,
]
arg10 = [
\\"e\\",
4,
true,
type.name.attr,
type.name,
]
arg11 = max(5, 12, 9)
arg12 = max(5, type.name.attr, 9)
arg13 = <<EOT
heredoc
EOT
arg14 = fn(1, 2, 3)
arg15 = AS IS
}
arg101 {
arg0 = \\"a\\"
arg1 = [
\\"b\\",
\\"c\\",
\\"d\\",
]
arg2 = 0
arg3 = [
1,
2,
3,
]
arg4 = true
arg5 = [
false,
true,
false,
]
arg6 = type.name.attr
arg7 = [
type.name.attr,
type.name.attr,
type.name.attr,
]
arg8 = type.name
arg9 = [
type.name,
type.name,
type.name,
]
arg10 = [
\\"e\\",
4,
true,
type.name.attr,
type.name,
]
arg11 = max(5, 12, 9)
arg12 = max(5, type.name.attr, 9)
arg13 = <<EOT
heredoc
EOT
arg14 = fn(1, 2, 3)
arg15 = AS IS
arg100 {
arg0 = \\"a\\"
arg1 = [
\\"b\\",
\\"c\\",
\\"d\\",
]
arg2 = 0
arg3 = [
1,
2,
3,
]
arg4 = true
arg5 = [
false,
true,
false,
]
arg6 = type.name.attr
arg7 = [
type.name.attr,
type.name.attr,
type.name.attr,
]
arg8 = type.name
arg9 = [
type.name,
type.name,
type.name,
]
arg10 = [
\\"e\\",
4,
true,
type.name.attr,
type.name,
]
arg11 = max(5, 12, 9)
arg12 = max(5, type.name.attr, 9)
arg13 = <<EOT
heredoc
EOT
arg14 = fn(1, 2, 3)
arg15 = AS IS
}
}
arg101 {
arg0 = \\"a\\"
arg1 = [
\\"b\\",
\\"c\\",
\\"d\\",
]
arg2 = 0
arg3 = [
1,
2,
3,
]
arg4 = true
arg5 = [
false,
true,
false,
]
arg6 = type.name.attr
arg7 = [
type.name.attr,
type.name.attr,
type.name.attr,
]
arg8 = type.name
arg9 = [
type.name,
type.name,
type.name,
]
arg10 = [
\\"e\\",
4,
true,
type.name.attr,
type.name,
]
arg11 = max(5, 12, 9)
arg12 = max(5, type.name.attr, 9)
arg13 = <<EOT
heredoc
EOT
arg14 = fn(1, 2, 3)
arg15 = AS IS
arg100 {
arg0 = \\"a\\"
arg1 = [
\\"b\\",
\\"c\\",
\\"d\\",
]
arg2 = 0
arg3 = [
1,
2,
3,
]
arg4 = true
arg5 = [
false,
true,
false,
]
arg6 = type.name.attr
arg7 = [
type.name.attr,
type.name.attr,
type.name.attr,
]
arg8 = type.name
arg9 = [
type.name,
type.name,
type.name,
]
arg10 = [
\\"e\\",
4,
true,
type.name.attr,
type.name,
]
arg11 = max(5, 12, 9)
arg12 = max(5, type.name.attr, 9)
arg13 = <<EOT
heredoc
EOT
arg14 = fn(1, 2, 3)
arg15 = AS IS
}
}
arg101 {
arg0 = \\"a\\"
arg1 = [
\\"b\\",
\\"c\\",
\\"d\\",
]
arg2 = 0
arg3 = [
1,
2,
3,
]
arg4 = true
arg5 = [
false,
true,
false,
]
arg6 = type.name.attr
arg7 = [
type.name.attr,
type.name.attr,
type.name.attr,
]
arg8 = type.name
arg9 = [
type.name,
type.name,
type.name,
]
arg10 = [
\\"e\\",
4,
true,
type.name.attr,
type.name,
]
arg11 = max(5, 12, 9)
arg12 = max(5, type.name.attr, 9)
arg13 = <<EOT
heredoc
EOT
arg14 = fn(1, 2, 3)
arg15 = AS IS
arg100 {
arg0 = \\"a\\"
arg1 = [
\\"b\\",
\\"c\\",
\\"d\\",
]
arg2 = 0
arg3 = [
1,
2,
3,
]
arg4 = true
arg5 = [
false,
true,
false,
]
arg6 = type.name.attr
arg7 = [
type.name.attr,
type.name.attr,
type.name.attr,
]
arg8 = type.name
arg9 = [
type.name,
type.name,
type.name,
]
arg10 = [
\\"e\\",
4,
true,
type.name.attr,
type.name,
]
arg11 = max(5, 12, 9)
arg12 = max(5, type.name.attr, 9)
arg13 = <<EOT
heredoc
EOT
arg14 = fn(1, 2, 3)
arg15 = AS IS
}
}
arg102 = {
arg0 = \\"a\\"
arg1 = [
\\"b\\",
\\"c\\",
\\"d\\",
]
arg2 = 0
arg3 = [
1,
2,
3,
]
arg4 = true
arg5 = [
false,
true,
false,
]
arg6 = type.name.attr
arg7 = [
type.name.attr,
type.name.attr,
type.name.attr,
]
arg8 = type.name
arg9 = [
type.name,
type.name,
type.name,
]
arg10 = [
\\"e\\",
4,
true,
type.name.attr,
type.name,
]
arg11 = max(5, 12, 9)
arg12 = max(5, type.name.attr, 9)
arg13 = <<EOT
heredoc
EOT
arg14 = fn(1, 2, 3)
arg15 = AS IS
arg100 {
arg0 = \\"a\\"
arg1 = [
\\"b\\",
\\"c\\",
\\"d\\",
]
arg2 = 0
arg3 = [
1,
2,
3,
]
arg4 = true
arg5 = [
false,
true,
false,
]
arg6 = type.name.attr
arg7 = [
type.name.attr,
type.name.attr,
type.name.attr,
]
arg8 = type.name
arg9 = [
type.name,
type.name,
type.name,
]
arg10 = [
\\"e\\",
4,
true,
type.name.attr,
type.name,
]
arg11 = max(5, 12, 9)
arg12 = max(5, type.name.attr, 9)
arg13 = <<EOT
heredoc
EOT
arg14 = fn(1, 2, 3)
arg15 = AS IS
}
arg101 {
arg0 = \\"a\\"
arg1 = [
\\"b\\",
\\"c\\",
\\"d\\",
]
arg2 = 0
arg3 = [
1,
2,
3,
]
arg4 = true
arg5 = [
false,
true,
false,
]
arg6 = type.name.attr
arg7 = [
type.name.attr,
type.name.attr,
type.name.attr,
]
arg8 = type.name
arg9 = [
type.name,
type.name,
type.name,
]
arg10 = [
\\"e\\",
4,
true,
type.name.attr,
type.name,
]
arg11 = max(5, 12, 9)
arg12 = max(5, type.name.attr, 9)
arg13 = <<EOT
heredoc
EOT
arg14 = fn(1, 2, 3)
arg15 = AS IS
arg100 {
arg0 = \\"a\\"
arg1 = [
\\"b\\",
\\"c\\",
\\"d\\",
]
arg2 = 0
arg3 = [
1,
2,
3,
]
arg4 = true
arg5 = [
false,
true,
false,
]
arg6 = type.name.attr
arg7 = [
type.name.attr,
type.name.attr,
type.name.attr,
]
arg8 = type.name
arg9 = [
type.name,
type.name,
type.name,
]
arg10 = [
\\"e\\",
4,
true,
type.name.attr,
type.name,
]
arg11 = max(5, 12, 9)
arg12 = max(5, type.name.attr, 9)
arg13 = <<EOT
heredoc
EOT
arg14 = fn(1, 2, 3)
arg15 = AS IS
}
}
arg101 {
arg0 = \\"a\\"
arg1 = [
\\"b\\",
\\"c\\",
\\"d\\",
]
arg2 = 0
arg3 = [
1,
2,
3,
]
arg4 = true
arg5 = [
false,
true,
false,
]
arg6 = type.name.attr
arg7 = [
type.name.attr,
type.name.attr,
type.name.attr,
]
arg8 = type.name
arg9 = [
type.name,
type.name,
type.name,
]
arg10 = [
\\"e\\",
4,
true,
type.name.attr,
type.name,
]
arg11 = max(5, 12, 9)
arg12 = max(5, type.name.attr, 9)
arg13 = <<EOT
heredoc
EOT
arg14 = fn(1, 2, 3)
arg15 = AS IS
arg100 {
arg0 = \\"a\\"
arg1 = [
\\"b\\",
\\"c\\",
\\"d\\",
]
arg2 = 0
arg3 = [
1,
2,
3,
]
arg4 = true
arg5 = [
false,
true,
false,
]
arg6 = type.name.attr
arg7 = [
type.name.attr,
type.name.attr,
type.name.attr,
]
arg8 = type.name
arg9 = [
type.name,
type.name,
type.name,
]
arg10 = [
\\"e\\",
4,
true,
type.name.attr,
type.name,
]
arg11 = max(5, 12, 9)
arg12 = max(5, type.name.attr, 9)
arg13 = <<EOT
heredoc
EOT
arg14 = fn(1, 2, 3)
arg15 = AS IS
}
}
arg101 {
arg0 = \\"a\\"
arg1 = [
\\"b\\",
\\"c\\",
\\"d\\",
]
arg2 = 0
arg3 = [
1,
2,
3,
]
arg4 = true
arg5 = [
false,
true,
false,
]
arg6 = type.name.attr
arg7 = [
type.name.attr,
type.name.attr,
type.name.attr,
]
arg8 = type.name
arg9 = [
type.name,
type.name,
type.name,
]
arg10 = [
\\"e\\",
4,
true,
type.name.attr,
type.name,
]
arg11 = max(5, 12, 9)
arg12 = max(5, type.name.attr, 9)
arg13 = <<EOT
heredoc
EOT
arg14 = fn(1, 2, 3)
arg15 = AS IS
arg100 {
arg0 = \\"a\\"
arg1 = [
\\"b\\",
\\"c\\",
\\"d\\",
]
arg2 = 0
arg3 = [
1,
2,
3,
]
arg4 = true
arg5 = [
false,
true,
false,
]
arg6 = type.name.attr
arg7 = [
type.name.attr,
type.name.attr,
type.name.attr,
]
arg8 = type.name
arg9 = [
type.name,
type.name,
type.name,
]
arg10 = [
\\"e\\",
4,
true,
type.name.attr,
type.name,
]
arg11 = max(5, 12, 9)
arg12 = max(5, type.name.attr, 9)
arg13 = <<EOT
heredoc
EOT
arg14 = fn(1, 2, 3)
arg15 = AS IS
}
}
}
}

"
`;
